AI Behavioral Style Assessment v3 (v0.3.0)
Type: INFP
Answered: 70/70

Dimensions:
- EI: I, score -20, strength strong_b, pole I (Focused)
- SN: N, score -36, strength strong_b, pole N (Abstract)
- TF: F, score -34, strength strong_b, pole F (Empathetic)
- JP: P, score -34, strength strong_b, pole P (Flexible)
